// Jest Snapshot v1, https://goo.gl/fbAQLP

exports[`<Work /> Should render and match the snapshot 1`] = `
<div>
  <h1>
    My Work
  </h1>
  <div
    class="Work__ButtonContainer-ejvr5h-0 dvjAQO"
  >
    <button
      class="Button-cbu1yy-0 gCZweK"
      color="#03dac6"
      type="button"
    >
      Stock App
    </button>
    <button
      class="Button-cbu1yy-0 hpNGlw"
      color="#03dac6"
      type="button"
    >
      TicTacToe
    </button>
    <button
      class="Button-cbu1yy-0 hpNGlw"
      color="#03dac6"
      type="button"
    >
      Recipe Calculator
    </button>
  </div>
  <h3>
    Web DAW
  </h3>
  <div
    class="Work__ButtonContainer-ejvr5h-0 dvjAQO"
  >
    <button
      class="Button-cbu1yy-0 gCZweK"
      color="#03dac6"
      type="button"
    >
      <a
        href="https://web-daw-frontend.herokuapp.com/"
      >
        Web DAW Project
      </a>
    </button>
    <button
      class="Button-cbu1yy-0 hpNGlw"
      color="#03dac6"
      type="button"
    >
      <a
        href="https://github.com/eristow/web-daw"
      >
        Web DAW Front-End Code
      </a>
    </button>
    <button
      class="Button-cbu1yy-0 hpNGlw"
      color="#03dac6"
      type="button"
    >
      <a
        href="https://github.com/eristow/web-daw-backend"
      >
        Web DAW Back-End Code
      </a>
    </button>
  </div>
</div>
`;
