// Jest Snapshot v1, https://goo.gl/fbAQLP

exports[`<Stuff /> Should render and match the snapshot 1`] = `
<div>
  <h1>
    Other Stuff
  </h1>
  <div
    class="Stuff__ButtonContainer-qb2d2j-0 kEHErN"
  >
    <button
      class="Button-cbu1yy-0 izjhvx"
      color="#03dac6"
      type="button"
    >
      Stock App
    </button>
    <button
      class="Button-cbu1yy-0 izjhvx"
      color="#03dac6"
      type="button"
    >
      Radio
    </button>
  </div>
</div>
`;
