// Jest Snapshot v1, https://goo.gl/fbAQLP

exports[`<App /> should render and match the snapshot 1`] = `
<React.Fragment>
  <Header />
  <ForwardRef>
    <Switch>
      <Route
        component={[Function]}
        exact={true}
        path="/"
      />
      <Route
        component={[Function]}
        exact={true}
        path="/work"
      />
      <Route
        component={[Function]}
        exact={true}
        path="/stocks"
      />
      <Route
        component={[Function]}
        exact={true}
        path="/radio"
      />
      <Route
        component={[Function]}
        exact={true}
        path="/tictactoe"
      />
      <Route
        component={[Function]}
        exact={true}
        path="/recipe"
      />
    </Switch>
    <GlobalStyleComponent />
  </ForwardRef>
</React.Fragment>
`;
