// Jest Snapshot v1, https://goo.gl/fbAQLP

exports[`<HomePage /> should render and match the snapshot 1`] = `
<div>
  <h1>
    Profiles
  </h1>
  <div
    class="HomePage__ButtonContainer-sc-1js5oki-0 bRyjkW"
  >
    <button
      class="Button-cbu1yy-0 gCZweK"
      color="#03dac6"
      type="button"
    >
      <a
        href="https://www.linkedin.com/in/evan-ristow-1a2477102/"
      >
        LinkedIn
      </a>
    </button>
    <button
      class="Button-cbu1yy-0 hpNGlw"
      color="#03dac6"
      type="button"
    >
      <a
        href="https://drive.google.com/file/d/1EYDbyOl885N6W-pFKmJajZMro66dCL1D/view?usp=sharing"
      >
        Resume
      </a>
    </button>
  </div>
</div>
`;
